// Jest Snapshot v1, https://goo.gl/fbAQLP

exports[`Testing Button Component should be able to match snapshot 1`] = `
<button
  class="sc-bdfBwQ cBGQwN"
  data-testid="button"
  width="auto"
/>
`;
