// Jest Snapshot v1, https://goo.gl/fbAQLP

exports[`Testing Header Component should be able to match snapshot 1`] = `
<header
  class="sc-gsTCUz iQIrRg"
  data-testid="header"
>
  <img
    alt=""
    data-testid="header-symblol"
    src="manual-symblol.png"
  />
</header>
`;
